[     180ms] [ERROR] Warning: Unknown event handler property `%s`. It will be ignored.%s onPointerExit 
    at div
    at Magnetic (http://localhost:5173/src/components/ui/Magnetic.tsx:19:3)
    at div
    at div
    at main
    at PageShell (http://localhost:5173/src/components/layout/PageShell.tsx:18:29)
    at PomodoroPage (http://localhost:5173/src/pages/PomodoroPage.tsx:67:7)
    at Suspense
    at div
    at App (http://localhost:5173/src/App.tsx?t=1785997299915:116:37) @ http://localhost:5173/node_modules/.vite/deps/chunk-NXESFFTV.js?v=d27f5444:520
[ 1732305ms] [LOG] [vite] server connection lost. Polling for restart... @ http://localhost:5173/@vite/client:963
[ 1732640ms] [INFO] %cDownload the React DevTools for a better development experience: https://reactjs.org/link/react-devtools font-weight:bold @ http://localhost:5173/node_modules/.vite/deps/chunk-NXESFFTV.js?v=d27f5444:21608
[ 1732761ms] [ERROR] Warning: Unknown event handler property `%s`. It will be ignored.%s onPointerExit 
    at div
    at Magnetic (http://localhost:5173/src/components/ui/Magnetic.tsx:19:3)
    at div
    at div
    at main
    at PageShell (http://localhost:5173/src/components/layout/PageShell.tsx:18:29)
    at PomodoroPage (http://localhost:5173/src/pages/PomodoroPage.tsx?t=1786001451065:67:7)
    at Suspense
    at div
    at App (http://localhost:5173/src/App.tsx?t=1786002067626:116:37) @ http://localhost:5173/node_modules/.vite/deps/chunk-NXESFFTV.js?v=d27f5444:520
